// Jest Snapshot v1, https://goo.gl/fbAQLP

exports[`ProteinProcessor correctly parses protein responses 1`] = `
Array [
  ProteinDefinition {
    "ecNumbers": Array [
      "2.3.2.27",
    ],
    "goTerms": Array [
      "GO:0005737",
      "GO:0005634",
      "GO:0070696",
      "GO:0004842",
      "GO:0016567",
    ],
    "interproEntries": Array [
      "IPR011989",
      "IPR016024",
      "IPR000225",
      "IPR003613",
      "IPR013083",
    ],
    "name": "U-box domain-containing protein 45",
    "organism": 3702,
    "uniprotAccessionId": "Q9C7G1",
  },
  ProteinDefinition {
    "ecNumbers": Array [
      "5.6.2.1",
      "3.6.4.12",
    ],
    "goTerms": Array [
      "GO:0005737",
      "GO:0005524",
      "GO:0003677",
      "GO:0003678",
      "GO:0003917",
      "GO:0046872",
      "GO:0000746",
      "GO:0008152",
    ],
    "interproEntries": Array [
      "IPR014059",
      "IPR014129",
      "IPR009767",
      "IPR027417",
      "IPR040668",
      "IPR040987",
      "IPR014862",
    ],
    "name": "DNA helicase I",
    "organism": 83333,
    "uniprotAccessionId": "P14565",
  },
  ProteinDefinition {
    "ecNumbers": Array [],
    "goTerms": Array [
      "GO:0005884",
      "GO:0005737",
      "GO:0005789",
      "GO:0005634",
      "GO:0008017",
      "GO:0045010",
      "GO:0007275",
    ],
    "interproEntries": Array [
      "IPR015425",
      "IPR042201",
      "IPR001265",
    ],
    "name": "Formin",
    "organism": 9031,
    "uniprotAccessionId": "Q05858",
  },
  ProteinDefinition {
    "ecNumbers": Array [
      "3.1.3.3",
    ],
    "goTerms": Array [
      "GO:0005737",
      "GO:0005829",
      "GO:0043005",
      "GO:0005509",
      "GO:0000287",
      "GO:0016791",
      "GO:0004647",
      "GO:0042803",
      "GO:0016311",
      "GO:0001701",
      "GO:0006564",
      "GO:0006563",
      "GO:0009612",
      "GO:0031667",
      "GO:0033574",
    ],
    "interproEntries": Array [
      "IPR036412",
      "IPR023214",
      "IPR023190",
    ],
    "name": "Phosphoserine phosphatase",
    "organism": 9606,
    "uniprotAccessionId": "P78330",
  },
  ProteinDefinition {
    "ecNumbers": Array [
      "2.7.1.50",
    ],
    "goTerms": Array [
      "GO:0005524",
      "GO:0004417",
      "GO:0000287",
      "GO:0009228",
      "GO:0009229",
    ],
    "interproEntries": Array [
      "IPR000417",
      "IPR029056",
    ],
    "name": "Hydroxyethylthiazole kinase",
    "organism": 266940,
    "uniprotAccessionId": "A6W6A1",
  },
  ProteinDefinition {
    "ecNumbers": Array [
      "6.3.2.13",
    ],
    "goTerms": Array [
      "GO:0005737",
      "GO:0005524",
      "GO:0000287",
      "GO:0008765",
      "GO:0007049",
      "GO:0051301",
      "GO:0071555",
      "GO:0009252",
      "GO:0008360",
    ],
    "interproEntries": Array [
      "IPR036565",
      "IPR004101",
      "IPR036615",
      "IPR013221",
      "IPR000713",
      "IPR035911",
      "IPR005761",
    ],
    "name": "UDP-N-acetylmuramoyl-L-alanyl-D-glutamate--2,6-diaminopimelate ligase",
    "organism": 103690,
    "uniprotAccessionId": "Q8YWF0",
  },
  ProteinDefinition {
    "ecNumbers": Array [
      "3.1.3.3",
    ],
    "goTerms": Array [
      "GO:0005509",
      "GO:0000287",
      "GO:0004647",
      "GO:0006564",
      "GO:0006563",
    ],
    "interproEntries": Array [
      "IPR036412",
      "IPR023214",
      "IPR023190",
    ],
    "name": "Phosphoserine phosphatase",
    "organism": 9601,
    "uniprotAccessionId": "Q5RB83",
  },
  ProteinDefinition {
    "ecNumbers": Array [
      "6.3.2.13",
    ],
    "goTerms": Array [
      "GO:0005737",
      "GO:0005524",
      "GO:0000287",
      "GO:0008765",
      "GO:0007049",
      "GO:0051301",
      "GO:0071555",
      "GO:0009252",
      "GO:0008360",
    ],
    "interproEntries": Array [
      "IPR036565",
      "IPR004101",
      "IPR036615",
      "IPR013221",
      "IPR000713",
      "IPR035911",
      "IPR005761",
    ],
    "name": "UDP-N-acetylmuramoyl-L-alanyl-D-glutamate--2,6-diaminopimelate ligase",
    "organism": 240292,
    "uniprotAccessionId": "Q3ME15",
  },
]
`;
