// Jest Snapshot v1, https://goo.gl/fbAQLP

exports[`SinglePeptideSummary correctly shows a complete summary for one peptide 1`] = `
"<div><div class=\\"display-1\\">Tryptic peptide analysis of AALTER</div> <div class=\\"subtitle-1\\">
        AALTER was found in
        <span class=\\"font-weight-bold\\">8</span>
        UniProt entries with a lowest common ancestor of
        <span class=\\"font-weight-bold\\">root</span></div> <div class=\\"row\\"><div class=\\"col col-6\\"><div class=\\"headline\\">Biodiversity</div> <div>
                The <span class=\\"font-weight-bold\\">lowest common ancestor</span> is
                <a href=\\"https://www.ncbi.nlm.nih.gov/Taxonomy/Browser/wwwtax.cgi?mode=Info&amp;id=1\\">
                    root
                </a> (no rank).
            </div> <div>
                The <span class=\\"font-weight-bold\\">common lineage</span> for all these proteins is:
                <span>
                    root
                </span></div></div> <div class=\\"col col-6\\"><div class=\\"headline\\">Function</div> <div><span class=\\"font-weight-bold\\">8 proteins</span>
                (100%)
                have at least one <span class=\\"font-weight-bold\\">GO term</span> assigned to them.
            </div> <div><span class=\\"font-weight-bold\\">7 proteins</span>
                (88%)
                have at least one <span class=\\"font-weight-bold\\">EC number</span> assigned to them.
            </div> <div><span class=\\"font-weight-bold\\">8 proteins</span>
                (100%)
                have at least one <span class=\\"font-weight-bold\\">InterPro entry</span> assigned to them.
            </div></div></div></div>"
`;
